[backblue.gif]
[fade.gif]
[index.html]
[browser.sentry-cdn.com/6.4.1/bundle.min.js]
[www.google-analytics.com/analytics.js]
[d13pxqgp3ixdbh.cloudfront.net/assets/landing_pages/smartphone_icon.png]
[connect.facebook.net/en_US/sdk.js]
[d13pxqgp3ixdbh.cloudfront.net/uploads/1674833833e5ad9f53a1d4f7ad459caa1bd239455b.png]
[d13pxqgp3ixdbh.cloudfront.net/api_uploads/14695289673fef93e6256f71978bec74c87ea8f0f3.jpg]
[www.facebook.com/images/ufi/fbfeed/like.png]
[d13pxqgp3ixdbh.cloudfront.net/api_uploads/1469528955629ec46d8f9b4f44e11a37a90d0d2512.jpg]
[d13pxqgp3ixdbh.cloudfront.net/api_uploads/1469528962b1e4d1b64d2e64630f598a1e6e209527.jpg]
[d13pxqgp3ixdbh.cloudfront.net/api_uploads/1469528961583b2dbf531b948eae7a4d8f97c97c7c.jpg]
[d13pxqgp3ixdbh.cloudfront.net/api_uploads/14695289618fa240c8179fef6bbc3e1102e9e00275.jpg]
[d13pxqgp3ixdbh.cloudfront.net/api_uploads/1469528955c7d6a0c83577fa0089b70eaebd5c64d6.jpg]
[d13pxqgp3ixdbh.cloudfront.net/api_uploads/14695289648ff6aff90360352c91e9ab5fd564adeb.jpg]
[d13pxqgp3ixdbh.cloudfront.net/api_uploads/1469528959daad143fce05613e163ee8d06a4ee092.jpg]
[d13pxqgp3ixdbh.cloudfront.net/api_uploads/1469528955eb9b970fb68f5193029245548fa365fb.jpg]
[d13pxqgp3ixdbh.cloudfront.net/api_uploads/1469528957a2bbb415a5c68283110d0f656267ae52.jpg]
[d13pxqgp3ixdbh.cloudfront.net/api_uploads/1469528964ca399c687c1e6b531460d5a28288799f.jpg]
[www.facebook.com/images/like/icons/fav.png]
[d2bb5k76l7oivo.cloudfront.net/0e4bf91.js]
[d2punpeg7vtjci.cloudfront.net/public/scripts/location912d.json]
[verifyyou.net/getfreegigabssa_280521W.html]
[fonts.googleapis.com/icone91f.css]
[fonts.googleapis.com/css3f04.css]
[fonts.googleapis.com/css1543.css]
[d13pxqgp3ixdbh.cloudfront.net/assets/landing_pages/simplebar.css]
[d13pxqgp3ixdbh.cloudfront.net/assets/landing_pages/style.min.css]
[d13pxqgp3ixdbh.cloudfront.net/assets/landing_pages/morris.min.css]
[d13pxqgp3ixdbh.cloudfront.net/assets/content_lockers/sweetalert.css]
[d13pxqgp3ixdbh.cloudfront.net/assets/landing_pages/facebook-comments.css]
[d13pxqgp3ixdbh.cloudfront.net/assets/content_lockers/css_front.css]
[connect.facebook.net/en_US/sdk.js]
[verifyyou.net/index.html]
[d13pxqgp3ixdbh.cloudfront.net/assets/landing_pages/jquery.min.js]
[d13pxqgp3ixdbh.cloudfront.net/assets/landing_pages/tether.min.js]
[d13pxqgp3ixdbh.cloudfront.net/assets/landing_pages/bootstrap.min.js]
[d13pxqgp3ixdbh.cloudfront.net/assets/landing_pages/simplebar.min.js]
[d13pxqgp3ixdbh.cloudfront.net/assets/landing_pages/bootstrap-layout.js]
[d13pxqgp3ixdbh.cloudfront.net/assets/landing_pages/bootstrap-layout-scrollable.js]
[d13pxqgp3ixdbh.cloudfront.net/assets/landing_pages/colors.js]
[d13pxqgp3ixdbh.cloudfront.net/assets/landing_pages/raphael.min.js]
[d13pxqgp3ixdbh.cloudfront.net/assets/landing_pages/morris.min.js]
[d13pxqgp3ixdbh.cloudfront.net/assets/landing_pages/Chart.min.js]
[d13pxqgp3ixdbh.cloudfront.net/assets/landing_pages/chart.js]
[d13pxqgp3ixdbh.cloudfront.net/assets/landing_pages/chartjs.js]
[d13pxqgp3ixdbh.cloudfront.net/assets/landing_pages/sweetAlert.js]
[d13pxqgp3ixdbh.cloudfront.net/assets/landing_pages/block.js]
[verifyyou.net/customTemplateGlobal.html]
[verifyyou.net/You must include the utils.js file before tether.html]
[verifyyou.net/core/core.html]
[verifyyou.net/core/core.plugin.html]
[verifyyou.net/options.time.format is deprecated and replaced by options.time.parser. See http_/nnnick.github.io/Chart.js/docs-v2/index.html]
[cpbild.co/public/external/t.js]
